
> client@0.1.0 build
> next build

Γû▓ Next.js 16.1.6 (Turbopack)
- Environments: .env

  Creating an optimized production build ...
Γ£ô Compiled successfully in 7.8s
  Running TypeScript ...
node.exe : Failed to compile.
At line:1 char:1
+ & "C:\Program 
Files\nodejs/node.exe" "C:\Program 
Files\nodejs/node_mo ...
+ ~~~~~~~~~~~~~~~~~~~~~~~~~~~~~~~~~~~~
~~~~~~~~~~~~~~~~~~~~~~~~~~~~~~~~~
    + CategoryInfo          : NotSpec 
   ified: (Failed to compile.:String  
  ) [], RemoteException
    + FullyQualifiedErrorId : NativeC 
   ommandError
 

./app/api/auth/[...nextauth]/nextauthC
onfig.ts:5:10
Type error: Module '"next/dist/build/t
emplates/app-page"' has no exported 
member 'pages'.

[0m [90m 3 |[39m [36mimport[39m 
[33mGitHubProvider[39m 
[36mfrom[39m [32m"next-auth/provide
rs/github"[39m[33m;[39m
 [90m 4 |[39m [36mimport[39m { 
signIn } [36mfrom[39m 
[32m"next-auth/react"[39m[33m;[39m
[31m[1m>[22m[39m[90m 5 |[39m 
[36mimport[39m { pages } 
[36mfrom[39m [32m"next/dist/build/t
emplates/app-page"[39m[33m;[39m
 [90m   |[39m          
[31m[1m^[22m[39m
 [90m 6 |[39m
 [90m 7 |[39m [36mexport[39m 
[36mconst[39m nextAuthConfig 
[33m=[39m {
 [90m 8 |[39m     
providers[33m:[39m [[0m
Next.js build worker exited with 
code: 1 and signal: null
